V3 3
FL C:/Users/Aluno/Documents/Microeletronica2024/Projeto1/Projeto1.vhd 2024/03/20.19:39:52 P.20131013
EN work/lab1_proj1 1710974400 \
      FL C:/Users/Aluno/Documents/Microeletronica2024/Projeto1/Projeto1.vhd \
      PB ieee/std_logic_1164 1381692176
AR work/lab1_proj1/Behavioral 1710974401 \
      FL C:/Users/Aluno/Documents/Microeletronica2024/Projeto1/Projeto1.vhd \
      EN work/lab1_proj1 1710974400
