V3 3
FL C:/Users/Aluno/Documents/Microeletronica2024/projeto2/projeto2.vhd 2024/03/20.18:53:52 P.20131013
EN work/projeto2 1710971995 \
      FL C:/Users/Aluno/Documents/Microeletronica2024/projeto2/projeto2.vhd \
      PB ieee/std_logic_1164 1381692176
AR work/projeto2/Behavioral 1710971996 \
      FL C:/Users/Aluno/Documents/Microeletronica2024/projeto2/projeto2.vhd \
      EN work/projeto2 1710971995
