--------------------------------------------------------------------------------
Release 14.7 Trace  (nt64)
Copyright (c) 1995-2013 Xilinx, Inc.  All rights reserved.

C:\Xilinx\14.7\ISE_DS\ISE\bin\nt64\unwrapped\trce.exe -intstyle ise -v 3 -s 5
-n 3 -fastpaths -xml lab2_proj2.twx lab2_proj2.ncd -o lab2_proj2.twr
lab2_proj2.pcf -ucf pinos.ucf

Design file:              lab2_proj2.ncd
Physical constraint file: lab2_proj2.pcf
Device,package,speed:     xc3s500e,fg320,-5 (PRODUCTION 1.27 2013-10-13)
Report level:             verbose report

Environment Variable      Effect 
--------------------      ------ 
NONE                      No environment variables were set
--------------------------------------------------------------------------------

INFO:Timing:2698 - No timing constraints found, doing default enumeration.
INFO:Timing:3412 - To improve timing, see the Timing Closure User Guide (UG612).
INFO:Timing:2752 - To get complete path coverage, use the unconstrained paths 
   option. All paths that are not constrained will be reported in the 
   unconstrained paths section(s) of the report.
INFO:Timing:3339 - The clock-to-out numbers in this timing report are based on 
   a 50 Ohm transmission line loading model.  For the details of this model, 
   and for more information on accounting for different loading conditions, 
   please see the device datasheet.
INFO:Timing:3390 - This architecture does not support a default System Jitter 
   value, please add SYSTEM_JITTER constraint to the UCF to modify the Clock 
   Uncertainty calculation.
INFO:Timing:3389 - This architecture does not support 'Discrete Jitter' and 
   'Phase Error' calculations, these terms will be zero in the Clock 
   Uncertainty calculation.  Please make appropriate modification to 
   SYSTEM_JITTER to account for the unsupported Discrete Jitter and Phase 
   Error.



Data Sheet report:
-----------------
All values displayed in nanoseconds (ns)

Pad to Pad
---------------+---------------+---------+
Source Pad     |Destination Pad|  Delay  |
---------------+---------------+---------+
x<0>           |l<0>           |    9.757|
x<0>           |l<1>           |    9.432|
x<0>           |l<2>           |   10.415|
x<0>           |l<3>           |   11.601|
x<0>           |led<0>         |   11.162|
x<0>           |led<1>         |   13.339|
x<0>           |led<2>         |   13.509|
x<0>           |led<3>         |   12.456|
x<0>           |led<4>         |   12.390|
x<0>           |led<5>         |   13.278|
x<0>           |led<6>         |   14.359|
x<0>           |led<7>         |   15.458|
x<0>           |y<0>           |   12.206|
x<0>           |y<1>           |   12.623|
x<0>           |y<2>           |   12.949|
x<0>           |y<3>           |   14.532|
x<0>           |y<4>           |   14.576|
x<0>           |y<5>           |   14.131|
x<0>           |y<6>           |   13.088|
x<1>           |l<0>           |    8.867|
x<1>           |l<1>           |    9.084|
x<1>           |l<2>           |   10.067|
x<1>           |l<3>           |   11.253|
x<1>           |led<0>         |   10.814|
x<1>           |led<1>         |   12.991|
x<1>           |led<2>         |   13.161|
x<1>           |led<3>         |   12.108|
x<1>           |led<4>         |   12.042|
x<1>           |led<5>         |   12.930|
x<1>           |led<6>         |   14.011|
x<1>           |led<7>         |   15.110|
x<1>           |y<0>           |   11.858|
x<1>           |y<1>           |   12.275|
x<1>           |y<2>           |   12.601|
x<1>           |y<3>           |   14.184|
x<1>           |y<4>           |   14.228|
x<1>           |y<5>           |   13.783|
x<1>           |y<6>           |   12.740|
x<2>           |l<0>           |    9.012|
x<2>           |l<1>           |    8.333|
x<2>           |l<2>           |    9.390|
x<2>           |l<3>           |   10.576|
x<2>           |led<0>         |   10.137|
x<2>           |led<1>         |   12.314|
x<2>           |led<2>         |   12.484|
x<2>           |led<3>         |   11.431|
x<2>           |led<4>         |   11.365|
x<2>           |led<5>         |   12.253|
x<2>           |led<6>         |   13.334|
x<2>           |led<7>         |   14.433|
x<2>           |y<0>           |   11.181|
x<2>           |y<1>           |   11.598|
x<2>           |y<2>           |   11.924|
x<2>           |y<3>           |   13.507|
x<2>           |y<4>           |   13.551|
x<2>           |y<5>           |   13.106|
x<2>           |y<6>           |   12.063|
x<3>           |l<0>           |    8.848|
x<3>           |l<1>           |    8.169|
x<3>           |l<2>           |    9.226|
x<3>           |l<3>           |   10.412|
x<3>           |led<0>         |    9.973|
x<3>           |led<1>         |   12.150|
x<3>           |led<2>         |   12.320|
x<3>           |led<3>         |   11.267|
x<3>           |led<4>         |   11.201|
x<3>           |led<5>         |   12.089|
x<3>           |led<6>         |   13.170|
x<3>           |led<7>         |   14.269|
x<3>           |y<0>           |   11.017|
x<3>           |y<1>           |   11.434|
x<3>           |y<2>           |   11.760|
x<3>           |y<3>           |   13.343|
x<3>           |y<4>           |   13.387|
x<3>           |y<5>           |   12.942|
x<3>           |y<6>           |   11.899|
x<4>           |l<0>           |    8.887|
x<4>           |l<1>           |    7.998|
x<4>           |l<2>           |    9.514|
x<4>           |l<3>           |   10.451|
x<4>           |led<0>         |   10.012|
x<4>           |led<1>         |   12.189|
x<4>           |led<2>         |   12.359|
x<4>           |led<3>         |   11.306|
x<4>           |led<4>         |   11.240|
x<4>           |led<5>         |   12.128|
x<4>           |led<6>         |   13.209|
x<4>           |led<7>         |   14.308|
x<4>           |y<0>           |   11.056|
x<4>           |y<1>           |   11.473|
x<4>           |y<2>           |   11.799|
x<4>           |y<3>           |   13.382|
x<4>           |y<4>           |   13.426|
x<4>           |y<5>           |   12.981|
x<4>           |y<6>           |   11.938|
x<5>           |l<0>           |    8.245|
x<5>           |l<1>           |    7.621|
x<5>           |l<2>           |    8.750|
x<5>           |l<3>           |    9.809|
x<5>           |led<0>         |    9.370|
x<5>           |led<1>         |   11.547|
x<5>           |led<2>         |   11.717|
x<5>           |led<3>         |   10.664|
x<5>           |led<4>         |   10.598|
x<5>           |led<5>         |   11.486|
x<5>           |led<6>         |   12.567|
x<5>           |led<7>         |   13.666|
x<5>           |y<0>           |   10.414|
x<5>           |y<1>           |   10.831|
x<5>           |y<2>           |   11.157|
x<5>           |y<3>           |   12.740|
x<5>           |y<4>           |   12.784|
x<5>           |y<5>           |   12.339|
x<5>           |y<6>           |   11.296|
x<6>           |l<0>           |    7.291|
x<6>           |l<1>           |    7.214|
x<6>           |l<2>           |    8.230|
x<6>           |l<3>           |    9.416|
x<6>           |led<0>         |    8.977|
x<6>           |led<1>         |   11.154|
x<6>           |led<2>         |   11.324|
x<6>           |led<3>         |   10.271|
x<6>           |led<4>         |   10.205|
x<6>           |led<5>         |   11.093|
x<6>           |led<6>         |   12.174|
x<6>           |led<7>         |   13.273|
x<6>           |y<0>           |   10.021|
x<6>           |y<1>           |   10.438|
x<6>           |y<2>           |   10.764|
x<6>           |y<3>           |   12.347|
x<6>           |y<4>           |   12.391|
x<6>           |y<5>           |   11.946|
x<6>           |y<6>           |   10.903|
x<7>           |l<0>           |    7.581|
x<7>           |l<1>           |    7.264|
x<7>           |l<2>           |    8.536|
x<7>           |l<3>           |    9.722|
x<7>           |led<0>         |    9.283|
x<7>           |led<1>         |   11.460|
x<7>           |led<2>         |   11.630|
x<7>           |led<3>         |   10.577|
x<7>           |led<4>         |   10.511|
x<7>           |led<5>         |   11.399|
x<7>           |led<6>         |   12.480|
x<7>           |led<7>         |   13.579|
x<7>           |y<0>           |   10.327|
x<7>           |y<1>           |   10.744|
x<7>           |y<2>           |   11.070|
x<7>           |y<3>           |   12.653|
x<7>           |y<4>           |   12.697|
x<7>           |y<5>           |   12.252|
x<7>           |y<6>           |   11.209|
---------------+---------------+---------+


Analysis completed Wed Apr 03 19:12:55 2024 
--------------------------------------------------------------------------------

Trace Settings:
-------------------------
Trace Settings 

Peak Memory Usage: 4509 MB



