V3 3
FL C:/Users/Aluno/Documents/Microeletronica2024/Lab_2/proj4/lab2_proj4.vhd 2024/04/03.18:18:36 P.20131013
EN work/lab3_proj4 1712179119 \
      FL C:/Users/Aluno/Documents/Microeletronica2024/Lab_2/proj4/lab2_proj4.vhd \
      PB ieee/std_logic_1164 1381692176 PB ieee/NUMERIC_STD 1381692181
AR work/lab3_proj4/Behavioral 1712179120 \
      FL C:/Users/Aluno/Documents/Microeletronica2024/Lab_2/proj4/lab2_proj4.vhd \
      EN work/lab3_proj4 1712179119
