V3 3
FL C:/Users/Aluno/Documents/Microeletronica2024/Lab_2/proj2/lab2_proj2.vhd 2024/04/03.19:00:05 P.20131013
EN work/lab2_proj2 1712181611 \
      FL C:/Users/Aluno/Documents/Microeletronica2024/Lab_2/proj2/lab2_proj2.vhd \
      PB ieee/std_logic_1164 1381692176 PB ieee/NUMERIC_STD 1381692181
AR work/lab2_proj2/Behavioral 1712181612 \
      FL C:/Users/Aluno/Documents/Microeletronica2024/Lab_2/proj2/lab2_proj2.vhd \
      EN work/lab2_proj2 1712181611
